// Vitest Snapshot v1, https://vitest.dev/guide/snapshot.html

exports[`SVG Output Snapshot > generates SVG element data for front wall > front-wall-svg-data 1`] = `
[
  {
    "label": "Bottom Plate",
    "props": {
      "data-group": "west",
      "data-id": "west-bottom-plate",
      "data-material": "framing",
      "height": 3.8,
      "width": 300,
      "x": -150,
      "y": 0,
    },
    "type": "rect",
  },
  {
    "label": "Double Top Plate",
    "props": {
      "data-group": "west",
      "data-id": "west-top-plate",
      "data-material": "framing",
      "height": 7.599999999999962,
      "width": 300,
      "x": -150,
      "y": 232.40000000000003,
    },
    "type": "rect",
  },
  {
    "label": "King Stud",
    "props": {
      "data-group": "west",
      "data-id": "west-stud--0.952-king",
      "data-material": "framing",
      "height": 228.59999999999997,
      "width": 3.8000000000000034,
      "x": -97.05,
      "y": 3.8000000000000034,
    },
    "type": "rect",
  },
  {
    "label": "King Stud",
    "props": {
      "data-group": "west",
      "data-id": "west-stud-0.952-king",
      "data-material": "framing",
      "height": 228.59999999999997,
      "width": 3.8000000000000034,
      "x": 93.25,
      "y": 3.8000000000000034,
    },
    "type": "rect",
  },
  {
    "label": "Jack Stud",
    "props": {
      "data-group": "west",
      "data-id": "west-stud--0.952-jack",
      "data-material": "framing",
      "height": 194.1,
      "width": 3.8000000000000034,
      "x": -97.05,
      "y": 3.8000000000000034,
    },
    "type": "rect",
  },
  {
    "label": "Jack Stud",
    "props": {
      "data-group": "west",
      "data-id": "west-stud-0.952-jack",
      "data-material": "framing",
      "height": 194.1,
      "width": 3.8000000000000034,
      "x": 93.25,
      "y": 3.8000000000000034,
    },
    "type": "rect",
  },
  {
    "label": "Stud",
    "props": {
      "data-group": "west",
      "data-id": "west-stud--1.456-regular",
      "data-material": "framing",
      "height": 228.59999999999997,
      "width": 3.799999999999981,
      "x": -147.45,
      "y": 3.8000000000000034,
    },
    "type": "rect",
  },
  {
    "label": "Stud",
    "props": {
      "data-group": "west",
      "data-id": "west-stud--1.050-regular",
      "data-material": "framing",
      "height": 228.59999999999997,
      "width": 3.799999999999981,
      "x": -106.85,
      "y": 3.8000000000000034,
    },
    "type": "rect",
  },
  {
    "label": "Stud",
    "props": {
      "data-group": "west",
      "data-id": "west-stud-0.980-regular",
      "data-material": "framing",
      "height": 228.59999999999997,
      "width": 3.8000000000000034,
      "x": 96.14999999999999,
      "y": 3.8000000000000034,
    },
    "type": "rect",
  },
  {
    "label": "Stud",
    "props": {
      "data-group": "west",
      "data-id": "west-stud-1.387-regular",
      "data-material": "framing",
      "height": 228.59999999999997,
      "width": 3.799999999999981,
      "x": 136.75000000000003,
      "y": 3.8000000000000034,
    },
    "type": "rect",
  },
  {
    "label": "Header",
    "props": {
      "data-group": "west",
      "data-id": "west-header",
      "data-material": "framing",
      "height": 8.900000000000041,
      "width": 194.1,
      "x": -97.05,
      "y": 206.79999999999995,
    },
    "type": "rect",
  },
  {
    "label": "Wall Sheathing",
    "props": {
      "data-group": "west",
      "data-id": "west-sheathing",
      "data-material": "sheathing",
      "height": 240,
      "width": 300,
      "x": -150,
      "y": 0,
    },
    "type": "rect",
  },
]
`;

exports[`SVG Output Snapshot > generates SVG element data for side wall > side-wall-svg-data 1`] = `
[
  {
    "label": "Bottom Plate",
    "props": {
      "data-group": "south",
      "data-id": "south-bottom-plate",
      "data-material": "framing",
      "height": 3.8,
      "width": 8.9,
      "x": -4.45,
      "y": 0,
    },
    "type": "rect",
  },
  {
    "label": "Double Top Plate",
    "props": {
      "data-group": "south",
      "data-id": "south-top-plate",
      "data-material": "framing",
      "points": "164,202.4 -164,202.4 -164,210 164,210",
    },
    "type": "polygon",
  },
  {
    "label": "King Stud",
    "props": {
      "data-group": "south",
      "data-id": "south-stud-0.476-king",
      "data-material": "framing",
      "height": 217.95365853658532,
      "width": 3.8000000000000034,
      "x": -49.49999999999999,
      "y": 3.8000000000000034,
    },
    "type": "rect",
  },
  {
    "label": "King Stud",
    "props": {
      "data-group": "south",
      "data-id": "south-stud-1.164-king",
      "data-material": "framing",
      "height": 224.24634146341464,
      "width": 3.799999999999981,
      "x": -118.29999999999998,
      "y": 3.8000000000000034,
    },
    "type": "rect",
  },
  {
    "label": "Stud",
    "props": {
      "data-group": "south",
      "data-id": "south-stud--1.595-regular",
      "data-material": "framing",
      "height": 199.00701219512194,
      "width": 3.799999999999981,
      "x": 157.65,
      "y": 3.8000000000000034,
    },
    "type": "rect",
  },
  {
    "label": "Stud",
    "props": {
      "data-group": "south",
      "data-id": "south-stud--1.189-regular",
      "data-material": "framing",
      "height": 202.72042682926826,
      "width": 3.799999999999981,
      "x": 117.04999999999998,
      "y": 3.8000000000000034,
    },
    "type": "rect",
  },
  {
    "label": "Stud",
    "props": {
      "data-group": "south",
      "data-id": "south-stud--0.783-regular",
      "data-material": "framing",
      "height": 206.43384146341458,
      "width": 3.8000000000000034,
      "x": 76.44999999999999,
      "y": 3.8000000000000034,
    },
    "type": "rect",
  },
  {
    "label": "Stud",
    "props": {
      "data-group": "south",
      "data-id": "south-stud--0.377-regular",
      "data-material": "framing",
      "height": 210.14725609756093,
      "width": 3.8000000000000034,
      "x": 35.849999999999994,
      "y": 3.8000000000000034,
    },
    "type": "rect",
  },
  {
    "label": "Stud",
    "props": {
      "data-group": "south",
      "data-id": "south-stud-0.029-regular",
      "data-material": "framing",
      "height": 213.86067073170727,
      "width": 3.8000000000000007,
      "x": -4.7500000000000195,
      "y": 3.8000000000000034,
    },
    "type": "rect",
  },
  {
    "label": "Stud",
    "props": {
      "data-group": "south",
      "data-id": "south-stud-0.435-regular",
      "data-material": "framing",
      "height": 217.5740853658537,
      "width": 3.8000000000000034,
      "x": -45.35000000000004,
      "y": 3.8000000000000034,
    },
    "type": "rect",
  },
  {
    "label": "Stud",
    "props": {
      "data-group": "south",
      "data-id": "south-stud-1.247-regular",
      "data-material": "framing",
      "height": 225.00091463414628,
      "width": 3.799999999999981,
      "x": -126.55000000000001,
      "y": 3.8000000000000034,
    },
    "type": "rect",
  },
  {
    "label": "Stud",
    "props": {
      "data-group": "south",
      "data-id": "south-stud-1.653-regular",
      "data-material": "framing",
      "height": 228.71432926829263,
      "width": 3.799999999999981,
      "x": -167.15000000000003,
      "y": 3.8000000000000034,
    },
    "type": "rect",
  },
  {
    "label": "Header",
    "props": {
      "data-group": "south",
      "data-id": "south-header",
      "data-material": "framing",
      "height": 8.899999999999997,
      "width": 8.9,
      "x": -4.45,
      "y": 186.8,
    },
    "type": "rect",
  },
  {
    "label": "Sill",
    "props": {
      "data-group": "south",
      "data-id": "south-sill",
      "data-material": "framing",
      "height": 8.9,
      "width": 8.9,
      "x": -4.45,
      "y": 3.7999999999999994,
    },
    "type": "rect",
  },
  {
    "label": "Wall Sheathing",
    "props": {
      "data-group": "south",
      "data-id": "south-sheathing",
      "data-material": "sheathing",
      "points": "159.2,0 -168.79999999999998,0 -168.79999999999998,240 159.2,210",
    },
    "type": "polygon",
  },
]
`;
